// Jest Snapshot v1, https://goo.gl/fbAQLP

exports[`renders correctly 1`] = `
<View
  style={
    Object {
      "flex": 1,
      "justifyContent": "center",
    }
  }
>
  <Text>
    •
     
    <Text
      style={
        Object {
          "alignItems": "center",
          "fontSize": 17,
          "letterSpacing": 0.5,
          "marginBottom": 5,
          "marginLeft": 20,
          "marginRight": 20,
          "marginTop": 5,
        }
      }
    >
      Keep cast clean and dry
    </Text>
  </Text>
  <Text>
    •
    <Text
      style={
        Object {
          "alignItems": "center",
          "fontSize": 17,
          "letterSpacing": 0.5,
          "marginBottom": 5,
          "marginLeft": 20,
          "marginRight": 20,
          "marginTop": 5,
        }
      }
    >
      Do not stick anything inside of cast or splint
    </Text>
  </Text>
  <Text>
    •
    <Text
      style={
        Object {
          "alignItems": "center",
          "fontSize": 17,
          "letterSpacing": 0.5,
          "marginBottom": 5,
          "marginLeft": 20,
          "marginRight": 20,
          "marginTop": 5,
        }
      }
    >
      If cast/splint becomes itchy: blow dry on low cool air, tap, or itch other side
    </Text>
  </Text>
  <Text>
    •
    <Text
      style={
        Object {
          "alignItems": "center",
          "fontSize": 17,
          "letterSpacing": 0.5,
          "marginBottom": 5,
          "marginLeft": 20,
          "marginRight": 20,
          "marginTop": 5,
        }
      }
    >
      Elevate above the level of patient's heart
    </Text>
  </Text>
  <Text>
    •
    <Text
      style={
        Object {
          "alignItems": "center",
          "fontSize": 17,
          "letterSpacing": 0.5,
          "marginBottom": 5,
          "marginLeft": 20,
          "marginRight": 20,
          "marginTop": 5,
        }
      }
    >
      It is normal to have increased pain right after a cast/splint is put on due to moving the fracture
    </Text>
  </Text>
  <Text>
    •
    <Text
      style={
        Object {
          "alignItems": "center",
          "fontSize": 17,
          "letterSpacing": 0.5,
          "marginBottom": 5,
          "marginLeft": 20,
          "marginRight": 20,
          "marginTop": 5,
        }
      }
    >
      Patient can ice through the cast/splint by using a gel ice pack or making sure the condensation from the ice bag does not get on the cast/splint; some people may or may not be able to feel the ice
    </Text>
  </Text>
  <Text>
    •
    <Text
      style={
        Object {
          "alignItems": "center",
          "fontSize": 17,
          "letterSpacing": 0.5,
          "marginBottom": 5,
          "marginLeft": 20,
          "marginRight": 20,
          "marginTop": 5,
        }
      }
    >
      No powders or lotions down cast/splint
    </Text>
  </Text>
  <Text>
    •
    <Text
      style={
        Object {
          "alignItems": "center",
          "fontSize": 17,
          "letterSpacing": 0.5,
          "marginBottom": 5,
          "marginLeft": 20,
          "marginRight": 20,
          "marginTop": 5,
        }
      }
    >
      Wiggle fingers as much as possible
    </Text>
  </Text>
</View>
`;
