// Jest Snapshot v1, https://goo.gl/fbAQLP

exports[`renders correctly 1`] = `
<View
  style={
    Object {
      "alignItems": "center",
      "flex": 1,
    }
  }
>
  <View
    style={
      Object {
        "alignItems": "center",
        "paddingBottom": 30,
        "paddingTop": 20,
      }
    }
  >
    <Text
      style={
        Object {
          "fontSize": 23,
          "fontWeight": "bold",
          "letterSpacing": 0.5,
          "textAlign": "center",
        }
      }
    >
      Issue Diagnosis
    </Text>
    <Text
      style={
        Object {
          "alignItems": "center",
          "fontSize": 17,
          "letterSpacing": 0.5,
          "marginBottom": 5,
          "marginLeft": 20,
          "marginRight": 20,
          "marginTop": 5,
        }
      }
    >
      What issue(s) can we help you solve?
    </Text>
  </View>
  <View
    style={
      Object {
        "flexDirection": "row",
      }
    }
  >
    <View
      accessible={true}
      collapsable={false}
      focusable={true}
      onBlur={[Function]}
      onClick={[Function]}
      onFocus={[Function]}
      onResponderGrant={[Function]}
      onResponderMove={[Function]}
      onResponderRelease={[Function]}
      onResponderTerminate={[Function]}
      onResponderTerminationRequest={[Function]}
      onStartShouldSetResponder={[Function]}
      style={
        Object {
          "alignItems": "center",
          "backgroundColor": "#4292c7",
          "borderRadius": 5,
          "elevation": 2,
          "flexDirection": "row",
          "height": 100,
          "justifyContent": "center",
          "minWidth": 88,
          "paddingLeft": 16,
          "paddingRight": 16,
          "shadowColor": "#000",
          "shadowOffset": Object {
            "height": 1,
            "width": 0,
          },
          "shadowOpacity": 0.35,
          "shadowRadius": 5,
          "width": 160,
        }
      }
    >
      <Image
        source={1}
      />
    </View>
    <View
      accessible={true}
      collapsable={false}
      focusable={true}
      onBlur={[Function]}
      onClick={[Function]}
      onFocus={[Function]}
      onResponderGrant={[Function]}
      onResponderMove={[Function]}
      onResponderRelease={[Function]}
      onResponderTerminate={[Function]}
      onResponderTerminationRequest={[Function]}
      onStartShouldSetResponder={[Function]}
      style={
        Object {
          "alignItems": "center",
          "backgroundColor": "#4292c7",
          "borderRadius": 5,
          "elevation": 2,
          "flexDirection": "row",
          "height": 100,
          "justifyContent": "center",
          "minWidth": 88,
          "paddingLeft": 16,
          "paddingRight": 16,
          "shadowColor": "#000",
          "shadowOffset": Object {
            "height": 1,
            "width": 0,
          },
          "shadowOpacity": 0.35,
          "shadowRadius": 5,
          "width": 160,
        }
      }
    >
      <Image
        source={1}
      />
    </View>
  </View>
  <View
    style={
      Object {
        "flexDirection": "row",
      }
    }
  >
    <View
      accessible={true}
      collapsable={false}
      focusable={true}
      onBlur={[Function]}
      onClick={[Function]}
      onFocus={[Function]}
      onResponderGrant={[Function]}
      onResponderMove={[Function]}
      onResponderRelease={[Function]}
      onResponderTerminate={[Function]}
      onResponderTerminationRequest={[Function]}
      onStartShouldSetResponder={[Function]}
      style={
        Object {
          "alignItems": "center",
          "backgroundColor": "#4292c7",
          "borderRadius": 5,
          "elevation": 2,
          "flexDirection": "row",
          "height": 100,
          "justifyContent": "center",
          "minWidth": 88,
          "paddingLeft": 16,
          "paddingRight": 16,
          "shadowColor": "#000",
          "shadowOffset": Object {
            "height": 1,
            "width": 0,
          },
          "shadowOpacity": 0.35,
          "shadowRadius": 5,
          "width": 160,
        }
      }
    >
      <Image
        source={1}
      />
    </View>
    <View
      accessible={true}
      collapsable={false}
      focusable={true}
      onBlur={[Function]}
      onClick={[Function]}
      onFocus={[Function]}
      onResponderGrant={[Function]}
      onResponderMove={[Function]}
      onResponderRelease={[Function]}
      onResponderTerminate={[Function]}
      onResponderTerminationRequest={[Function]}
      onStartShouldSetResponder={[Function]}
      style={
        Object {
          "alignItems": "center",
          "backgroundColor": "#4292c7",
          "borderRadius": 5,
          "elevation": 2,
          "flexDirection": "row",
          "height": 100,
          "justifyContent": "center",
          "minWidth": 88,
          "paddingLeft": 16,
          "paddingRight": 16,
          "shadowColor": "#000",
          "shadowOffset": Object {
            "height": 1,
            "width": 0,
          },
          "shadowOpacity": 0.35,
          "shadowRadius": 5,
          "width": 160,
        }
      }
    >
      <Image
        source={1}
      />
    </View>
  </View>
  <View
    style={
      Object {
        "flexDirection": "row",
      }
    }
  >
    <View
      accessible={true}
      collapsable={false}
      focusable={true}
      onBlur={[Function]}
      onClick={[Function]}
      onFocus={[Function]}
      onResponderGrant={[Function]}
      onResponderMove={[Function]}
      onResponderRelease={[Function]}
      onResponderTerminate={[Function]}
      onResponderTerminationRequest={[Function]}
      onStartShouldSetResponder={[Function]}
      style={
        Object {
          "alignItems": "center",
          "backgroundColor": "#4292c7",
          "borderRadius": 5,
          "elevation": 2,
          "flexDirection": "row",
          "height": 100,
          "justifyContent": "center",
          "minWidth": 88,
          "paddingLeft": 16,
          "paddingRight": 16,
          "shadowColor": "#000",
          "shadowOffset": Object {
            "height": 1,
            "width": 0,
          },
          "shadowOpacity": 0.35,
          "shadowRadius": 5,
          "width": 160,
        }
      }
    >
      <Image
        source={1}
      />
    </View>
    <View
      accessible={true}
      collapsable={false}
      focusable={true}
      onBlur={[Function]}
      onClick={[Function]}
      onFocus={[Function]}
      onResponderGrant={[Function]}
      onResponderMove={[Function]}
      onResponderRelease={[Function]}
      onResponderTerminate={[Function]}
      onResponderTerminationRequest={[Function]}
      onStartShouldSetResponder={[Function]}
      style={
        Object {
          "alignItems": "center",
          "backgroundColor": "#4292c7",
          "borderRadius": 5,
          "elevation": 2,
          "flexDirection": "row",
          "height": 100,
          "justifyContent": "center",
          "minWidth": 88,
          "paddingLeft": 16,
          "paddingRight": 16,
          "shadowColor": "#000",
          "shadowOffset": Object {
            "height": 1,
            "width": 0,
          },
          "shadowOpacity": 0.35,
          "shadowRadius": 5,
          "width": 160,
        }
      }
    >
      <Image
        source={1}
      />
    </View>
  </View>
  <View
    style={
      Object {
        "flexDirection": "row",
      }
    }
  >
    <View
      accessible={true}
      collapsable={false}
      focusable={true}
      onBlur={[Function]}
      onClick={[Function]}
      onFocus={[Function]}
      onResponderGrant={[Function]}
      onResponderMove={[Function]}
      onResponderRelease={[Function]}
      onResponderTerminate={[Function]}
      onResponderTerminationRequest={[Function]}
      onStartShouldSetResponder={[Function]}
      style={
        Object {
          "alignItems": "center",
          "backgroundColor": "#4292c7",
          "borderRadius": 5,
          "elevation": 2,
          "flexDirection": "row",
          "height": 100,
          "justifyContent": "center",
          "minWidth": 88,
          "paddingLeft": 16,
          "paddingRight": 16,
          "shadowColor": "#000",
          "shadowOffset": Object {
            "height": 1,
            "width": 0,
          },
          "shadowOpacity": 0.35,
          "shadowRadius": 5,
          "width": 160,
        }
      }
    >
      <Image
        source={1}
      />
    </View>
    <View
      accessible={true}
      collapsable={false}
      focusable={true}
      onBlur={[Function]}
      onClick={[Function]}
      onFocus={[Function]}
      onResponderGrant={[Function]}
      onResponderMove={[Function]}
      onResponderRelease={[Function]}
      onResponderTerminate={[Function]}
      onResponderTerminationRequest={[Function]}
      onStartShouldSetResponder={[Function]}
      style={
        Object {
          "alignItems": "center",
          "backgroundColor": "#4292c7",
          "borderRadius": 5,
          "elevation": 2,
          "flexDirection": "row",
          "height": 100,
          "justifyContent": "center",
          "minWidth": 88,
          "paddingLeft": 16,
          "paddingRight": 16,
          "shadowColor": "#000",
          "shadowOffset": Object {
            "height": 1,
            "width": 0,
          },
          "shadowOpacity": 0.35,
          "shadowRadius": 5,
          "width": 160,
        }
      }
    >
      <Image
        source={1}
      />
    </View>
  </View>
  <View
    style={
      Object {
        "flexDirection": "row",
      }
    }
  >
    <View
      accessible={true}
      collapsable={false}
      focusable={true}
      onBlur={[Function]}
      onClick={[Function]}
      onFocus={[Function]}
      onResponderGrant={[Function]}
      onResponderMove={[Function]}
      onResponderRelease={[Function]}
      onResponderTerminate={[Function]}
      onResponderTerminationRequest={[Function]}
      onStartShouldSetResponder={[Function]}
      style={
        Object {
          "alignItems": "center",
          "backgroundColor": "#4292c7",
          "borderRadius": 5,
          "elevation": 2,
          "flexDirection": "row",
          "height": 100,
          "justifyContent": "center",
          "minWidth": 88,
          "paddingLeft": 16,
          "paddingRight": 16,
          "shadowColor": "#000",
          "shadowOffset": Object {
            "height": 1,
            "width": 0,
          },
          "shadowOpacity": 0.35,
          "shadowRadius": 5,
          "width": 160,
        }
      }
    >
      <Image
        source={1}
      />
    </View>
    <View
      accessible={true}
      collapsable={false}
      focusable={true}
      onBlur={[Function]}
      onClick={[Function]}
      onFocus={[Function]}
      onResponderGrant={[Function]}
      onResponderMove={[Function]}
      onResponderRelease={[Function]}
      onResponderTerminate={[Function]}
      onResponderTerminationRequest={[Function]}
      onStartShouldSetResponder={[Function]}
      style={
        Object {
          "alignItems": "center",
          "backgroundColor": "#4292c7",
          "borderRadius": 5,
          "elevation": 2,
          "flexDirection": "row",
          "height": 100,
          "justifyContent": "center",
          "minWidth": 88,
          "paddingLeft": 16,
          "paddingRight": 16,
          "shadowColor": "#000",
          "shadowOffset": Object {
            "height": 1,
            "width": 0,
          },
          "shadowOpacity": 0.35,
          "shadowRadius": 5,
          "width": 160,
        }
      }
    >
      <Image
        source={1}
      />
    </View>
  </View>
  <View
    style={
      Object {
        "flexDirection": "row",
      }
    }
  >
    <View
      accessible={true}
      collapsable={false}
      focusable={true}
      onBlur={[Function]}
      onClick={[Function]}
      onFocus={[Function]}
      onResponderGrant={[Function]}
      onResponderMove={[Function]}
      onResponderRelease={[Function]}
      onResponderTerminate={[Function]}
      onResponderTerminationRequest={[Function]}
      onStartShouldSetResponder={[Function]}
      style={
        Object {
          "alignItems": "center",
          "backgroundColor": "#4292c7",
          "borderRadius": 5,
          "elevation": 2,
          "flexDirection": "row",
          "height": 100,
          "justifyContent": "center",
          "minWidth": 88,
          "paddingLeft": 16,
          "paddingRight": 16,
          "shadowColor": "#000",
          "shadowOffset": Object {
            "height": 1,
            "width": 0,
          },
          "shadowOpacity": 0.35,
          "shadowRadius": 5,
          "width": 160,
        }
      }
    >
      <Image
        source={1}
      />
    </View>
    <View
      accessible={true}
      collapsable={false}
      focusable={true}
      onBlur={[Function]}
      onClick={[Function]}
      onFocus={[Function]}
      onResponderGrant={[Function]}
      onResponderMove={[Function]}
      onResponderRelease={[Function]}
      onResponderTerminate={[Function]}
      onResponderTerminationRequest={[Function]}
      onStartShouldSetResponder={[Function]}
      style={
        Object {
          "alignItems": "center",
          "backgroundColor": "#4292c7",
          "borderRadius": 5,
          "elevation": 2,
          "flexDirection": "row",
          "height": 100,
          "justifyContent": "center",
          "minWidth": 88,
          "paddingLeft": 16,
          "paddingRight": 16,
          "shadowColor": "#000",
          "shadowOffset": Object {
            "height": 1,
            "width": 0,
          },
          "shadowOpacity": 0.35,
          "shadowRadius": 5,
          "width": 160,
        }
      }
    >
      <Image
        source={1}
      />
    </View>
  </View>
</View>
`;
