// Jest Snapshot v1, https://goo.gl/fbAQLP

exports[`renders correctly 1`] = `
<View
  style={
    Object {
      "flex": 1,
    }
  }
>
  <View
    style={
      Object {
        "alignItems": "center",
        "justifyContent": "center",
        "marginTop": 20,
      }
    }
  >
    <Text
      style={
        Object {
          "fontSize": 50,
          "fontWeight": "bold",
          "letterSpacing": 0.5,
          "textAlign": "center",
        }
      }
    >
      Welcome to Cast Care!
    </Text>
    <View
      style={
        Object {
          "marginTop": 20,
        }
      }
    >
      <Text
        style={
          Object {
            "fontSize": 28,
            "letterSpacing": 0.5,
            "textAlign": "center",
          }
        }
      >
        What cast information would you like to find?
      </Text>
    </View>
  </View>
  <View
    style={
      Object {
        "alignItems": "center",
        "justifyContent": "center",
        "paddingTop": 20,
      }
    }
  >
    <View
      style={
        Object {
          "paddingBottom": 20,
        }
      }
    >
      <View
        accessible={true}
        collapsable={false}
        focusable={true}
        onBlur={[Function]}
        onClick={[Function]}
        onFocus={[Function]}
        onResponderGrant={[Function]}
        onResponderMove={[Function]}
        onResponderRelease={[Function]}
        onResponderTerminate={[Function]}
        onResponderTerminationRequest={[Function]}
        onStartShouldSetResponder={[Function]}
        style={
          Object {
            "alignItems": "center",
            "backgroundColor": "#4B9CD3",
            "borderRadius": 10,
            "elevation": 2,
            "flexDirection": "row",
            "height": 180,
            "justifyContent": "center",
            "minWidth": 88,
            "paddingLeft": 16,
            "paddingRight": 16,
            "shadowColor": "#000",
            "shadowOffset": Object {
              "height": 1,
              "width": 0,
            },
            "shadowOpacity": 0.35,
            "shadowRadius": 5,
            "width": 280,
          }
        }
      >
        <Text
          style={
            Object {
              "color": "white",
              "fontSize": 30,
              "letterSpacing": 0.25,
              "textAlign": "center",
            }
          }
        >
          General Cast Upkeep Information
        </Text>
      </View>
    </View>
    <View
      accessible={true}
      collapsable={false}
      focusable={true}
      onBlur={[Function]}
      onClick={[Function]}
      onFocus={[Function]}
      onResponderGrant={[Function]}
      onResponderMove={[Function]}
      onResponderRelease={[Function]}
      onResponderTerminate={[Function]}
      onResponderTerminationRequest={[Function]}
      onStartShouldSetResponder={[Function]}
      style={
        Object {
          "alignItems": "center",
          "backgroundColor": "#4B9CD3",
          "borderRadius": 10,
          "elevation": 2,
          "flexDirection": "row",
          "height": 180,
          "justifyContent": "center",
          "minWidth": 88,
          "paddingLeft": 16,
          "paddingRight": 16,
          "shadowColor": "#000",
          "shadowOffset": Object {
            "height": 1,
            "width": 0,
          },
          "shadowOpacity": 0.35,
          "shadowRadius": 5,
          "width": 280,
        }
      }
    >
      <Text
        style={
          Object {
            "color": "white",
            "fontSize": 30,
            "letterSpacing": 0.25,
            "textAlign": "center",
          }
        }
      >
        Common Cast Issues
      </Text>
    </View>
  </View>
</View>
`;
